SNES MVP 1.6 full-render startup wrapper pid=476
splash handoff begin active_pids=446  stop=/tmp/vrtemu.log ack=/tmp/displogo.log
splash handoff complete active_pids=none release_ack=yes waited=1s
child pid=493 startup deadline=20s
8.284 program entered pid=493
8.286 clock sources kernel_monotonic_ns=8285979000 libc_monotonic_ns=447252442168 kernel_boottime_ns=8286014000; using kernel clock and relative waits
8.287 platform heartbeat attach enter
8.288 platform heartbeat attached key=1234 bytes=460 budget=60 counter=1
8.290 GPIO open enter
8.291 GPIO input attribute pin=0x200
8.293 GPIO input attribute pin=0x201
8.294 GPIO input attribute pin=0x202
8.295 GPIO input attribute pin=0x203
8.297 GPIO input attribute pin=0x204
8.298 GPIO input attribute pin=0x205
8.299 GPIO input attribute pin=0x30b
8.301 GPIO input attribute pin=0x30d
8.302 GPIO input attribute pin=0x30f
8.304 GPIO input attribute pin=0x30c
8.305 GPIO input attribute pin=0x30a
8.306 GPIO input attribute pin=0x208
8.308 GPIO input attribute pin=0x207
8.309 GPIO input attribute pin=0x30e
8.310 GPIO input attribute pin=0x206
8.312 GPIO vendor attribute pin=0x20f value=0
8.313 GPIO vendor attribute pin=0x20b value=0
8.314 GPIO vendor attribute pin=0x20e value=1
8.316 GPIO vendor attribute pin=0x209 value=1
8.317 GPIO vendor attribute pin=0x20a value=1
8.319 chunkmem open enter
8.320 chunk allocation enter bytes=1966080
8.325 chunk allocation complete
8.326 display driver load enter path=/usr/retro/driver.so
8.332 display driver symbols resolved; HDMI detection enter
8.334 HDMI detection complete output=0; InitVFB enter
8.403 InitVFB returned display=0x2e650
8.405 display size=640x480
8.406 LCD backlight write enter value=1
8.408 display worker create enter
8.409 display worker created; mixer open enter
8.411 mixer open complete
8.412 board open complete
8.414 library scan enter
8.423 library scan complete games=3
8.427 first library submit
8.432 first DrawVFB enter size=640x480
8.434 first library wait for display
8.438 first DrawVFB returned; FlipVFB enter
8.453 first FlipVFB returned
8.454 first library display complete; input baseline enter
8.456 input GPIO low_index_bits=0x0000 keys=0x00000 read_error_bits=0x0000
8.457 input baseline held_mask=0x00000000
8.459 READY: first library frame completed; controls initialized
9.220 input GPIO low_index_bits=0x0002 keys=0x00020 read_error_bits=0x0000
9.360 input GPIO low_index_bits=0x0000 keys=0x00000 read_error_bits=0x0000
9.590 input GPIO low_index_bits=0x0010 keys=0x00100 read_error_bits=0x0000
9.592 library game launch requested keys=0x00100 selected=1
9.619 input baseline held_mask=0x00000100
21.477 input GPIO low_index_bits=0x4000 keys=0x10000 read_error_bits=0x0000
21.479 input baseline held_mask=0x00010000
21.591 input GPIO low_index_bits=0x0000 keys=0x00000 read_error_bits=0x0000
21.840 input GPIO low_index_bits=0x0002 keys=0x00020 read_error_bits=0x0000
21.950 input GPIO low_index_bits=0x0000 keys=0x00000 read_error_bits=0x0000
22.070 input GPIO low_index_bits=0x0002 keys=0x00020 read_error_bits=0x0000
22.180 input GPIO low_index_bits=0x0000 keys=0x00000 read_error_bits=0x0000
22.680 input GPIO low_index_bits=0x0010 keys=0x00100 read_error_bits=0x0000
22.682 input baseline held_mask=0x00000100
22.733 input GPIO low_index_bits=0x0010 keys=0x00100 read_error_bits=0x0000
22.735 input baseline held_mask=0x00000100
22.820 input GPIO low_index_bits=0x0000 keys=0x00000 read_error_bits=0x0000
23.540 input GPIO low_index_bits=0x0010 keys=0x00100 read_error_bits=0x0000
23.542 input baseline held_mask=0x00000100
