SNES MVP 1.8 A7 startup wrapper pid=475
splash handoff begin active_pids=445  stop=/tmp/vrtemu.log ack=/tmp/displogo.log
splash handoff complete active_pids=none release_ack=yes waited=1s
child pid=492 startup deadline=20s
8.272 program entered pid=492
8.274 clock sources kernel_monotonic_ns=8274738000 libc_monotonic_ns=447257585168 kernel_boottime_ns=8274772000; using kernel clock and relative waits
8.276 platform heartbeat attach enter
8.277 platform heartbeat attached key=1234 bytes=460 budget=60 counter=1
8.279 GPIO open enter
8.280 GPIO input attribute pin=0x200
8.282 GPIO input attribute pin=0x201
8.283 GPIO input attribute pin=0x202
8.284 GPIO input attribute pin=0x203
8.286 GPIO input attribute pin=0x204
8.287 GPIO input attribute pin=0x205
8.288 GPIO input attribute pin=0x30b
8.290 GPIO input attribute pin=0x30d
8.291 GPIO input attribute pin=0x30f
8.292 GPIO input attribute pin=0x30c
8.294 GPIO input attribute pin=0x30a
8.295 GPIO input attribute pin=0x208
8.296 GPIO input attribute pin=0x207
8.298 GPIO input attribute pin=0x30e
8.299 GPIO input attribute pin=0x206
8.301 GPIO vendor attribute pin=0x20f value=0
8.302 GPIO vendor attribute pin=0x20b value=0
8.303 GPIO vendor attribute pin=0x20e value=1
8.305 GPIO vendor attribute pin=0x209 value=1
8.306 GPIO vendor attribute pin=0x20a value=1
8.307 chunkmem open enter
8.309 chunk allocation enter bytes=1966080
8.314 chunk allocation complete
8.315 display driver load enter path=/usr/retro/driver.so
8.321 display driver symbols resolved; HDMI detection enter
8.323 HDMI detection complete output=0; InitVFB enter
8.403 InitVFB returned display=0x2f650
8.405 display size=640x480
8.406 LCD backlight write enter value=1
8.408 display worker create enter
8.409 display worker created; mixer open enter
8.411 mixer open complete
8.413 board open complete
8.414 library scan enter
8.423 library scan complete games=3
8.427 first library submit
8.432 first DrawVFB enter size=640x480
8.434 first library wait for display
8.438 first DrawVFB returned; FlipVFB enter
8.453 first FlipVFB returned
8.454 first library display complete; input baseline enter
8.456 input GPIO low_index_bits=0x0000 keys=0x00000 read_error_bits=0x0000
8.457 input baseline held_mask=0x00000000
8.459 READY: first library frame completed; controls initialized
9.410 input GPIO low_index_bits=0x0002 keys=0x00020 read_error_bits=0x0000
9.530 input GPIO low_index_bits=0x0000 keys=0x00000 read_error_bits=0x0000
10.370 input GPIO low_index_bits=0x0010 keys=0x00100 read_error_bits=0x0000
10.372 library game launch requested keys=0x00100 selected=1
10.385 input baseline held_mask=0x00000100
14.248 input GPIO low_index_bits=0x4000 keys=0x10000 read_error_bits=0x0000
14.249 input baseline held_mask=0x00010000
14.370 input GPIO low_index_bits=0x0000 keys=0x00000 read_error_bits=0x0000
14.660 input GPIO low_index_bits=0x0002 keys=0x00020 read_error_bits=0x0000
14.800 input GPIO low_index_bits=0x0000 keys=0x00000 read_error_bits=0x0000
14.910 input GPIO low_index_bits=0x0002 keys=0x00020 read_error_bits=0x0000
15.040 input GPIO low_index_bits=0x0000 keys=0x00000 read_error_bits=0x0000
15.110 input GPIO low_index_bits=0x0010 keys=0x00100 read_error_bits=0x0000
15.112 input baseline held_mask=0x00000100
15.163 input GPIO low_index_bits=0x0010 keys=0x00100 read_error_bits=0x0000
15.165 input baseline held_mask=0x00000100
15.220 input GPIO low_index_bits=0x0000 keys=0x00000 read_error_bits=0x0000
15.850 input GPIO low_index_bits=0x0010 keys=0x00100 read_error_bits=0x0000
15.852 input baseline held_mask=0x00000100
