SNES MVP 1.11 native PCM startup wrapper pid=478
splash handoff begin active_pids=447  stop=/tmp/vrtemu.log ack=/tmp/displogo.log
splash handoff complete active_pids=none release_ack=yes waited=1s
child pid=493 startup deadline=20s
8.241 program entered pid=493
8.243 clock sources kernel_monotonic_ns=8243414000 libc_monotonic_ns=447209879168 kernel_boottime_ns=8243450000; using kernel clock and relative waits
8.244 platform heartbeat attach enter
8.246 platform heartbeat attached key=1234 bytes=460 budget=60 counter=1
8.247 GPIO open enter
8.249 GPIO input attribute pin=0x200
8.250 GPIO input attribute pin=0x201
8.252 GPIO input attribute pin=0x202
8.253 GPIO input attribute pin=0x203
8.254 GPIO input attribute pin=0x204
8.256 GPIO input attribute pin=0x205
8.257 GPIO input attribute pin=0x30b
8.258 GPIO input attribute pin=0x30d
8.260 GPIO input attribute pin=0x30f
8.261 GPIO input attribute pin=0x30c
8.262 GPIO input attribute pin=0x30a
8.264 GPIO input attribute pin=0x208
8.265 GPIO input attribute pin=0x207
8.267 GPIO input attribute pin=0x30e
8.268 GPIO input attribute pin=0x206
8.269 GPIO vendor attribute pin=0x20f value=0
8.271 GPIO vendor attribute pin=0x20b value=0
8.272 GPIO vendor attribute pin=0x20e value=1
8.273 GPIO vendor attribute pin=0x209 value=1
8.275 GPIO vendor attribute pin=0x20a value=1
8.276 chunkmem open enter
8.277 chunk allocation enter bytes=1966080
8.282 chunk allocation complete
8.284 display driver load enter path=/usr/retro/driver.so
8.290 display driver symbols resolved; HDMI detection enter
8.292 HDMI detection complete output=0; InitVFB enter
8.369 InitVFB returned display=0x32650
8.371 display size=640x480
8.373 LCD backlight write enter value=1
8.374 display worker create enter
8.376 display worker created; mixer open enter
8.378 mixer open complete
8.379 board open complete
8.381 library scan enter
8.390 library scan complete games=3
8.395 first library submit
8.399 first DrawVFB enter size=640x480
8.401 first library wait for display
8.406 first DrawVFB returned; FlipVFB enter
8.419 first FlipVFB returned
8.421 first library display complete; input baseline enter
8.422 input GPIO low_index_bits=0x0000 keys=0x00000 read_error_bits=0x0000
8.424 input baseline held_mask=0x00000000
8.425 READY: first library frame completed; controls initialized
9.100 input GPIO low_index_bits=0x0002 keys=0x00020 read_error_bits=0x0000
9.233 input GPIO low_index_bits=0x0000 keys=0x00000 read_error_bits=0x0000
9.510 input GPIO low_index_bits=0x0002 keys=0x00020 read_error_bits=0x0000
9.620 input GPIO low_index_bits=0x0000 keys=0x00000 read_error_bits=0x0000
9.880 input GPIO low_index_bits=0x0001 keys=0x00010 read_error_bits=0x0000
9.980 input GPIO low_index_bits=0x0000 keys=0x00000 read_error_bits=0x0000
10.130 input GPIO low_index_bits=0x0010 keys=0x00100 read_error_bits=0x0000
10.131 library game launch requested keys=0x00100 selected=1
10.152 input baseline held_mask=0x00000100
11.600 library scan enter
11.602 library scan complete games=3
11.606 first library submit
11.611 first library wait for display
11.618 first library display complete; input baseline enter
11.619 input GPIO low_index_bits=0x0000 keys=0x00000 read_error_bits=0x0000
11.621 input baseline held_mask=0x00000000
11.622 READY: first library frame completed; controls initialized
15.360 input GPIO low_index_bits=0x0010 keys=0x00100 read_error_bits=0x0000
15.362 library game launch requested keys=0x00100 selected=1
15.382 input baseline held_mask=0x00000100
52.590 library scan enter
52.592 library scan complete games=3
52.596 first library submit
52.601 first library wait for display
52.611 first library display complete; input baseline enter
52.612 input GPIO low_index_bits=0x0000 keys=0x00000 read_error_bits=0x0000
52.614 input baseline held_mask=0x00000000
52.615 READY: first library frame completed; controls initialized
54.840 input GPIO low_index_bits=0x0010 keys=0x00100 read_error_bits=0x0000
54.842 library game launch requested keys=0x00100 selected=1
54.859 input baseline held_mask=0x00000100
59.368 input GPIO low_index_bits=0x4000 keys=0x10000 read_error_bits=0x0000
59.370 input baseline held_mask=0x00010000
59.420 input GPIO low_index_bits=0x0000 keys=0x00000 read_error_bits=0x0000
59.720 input GPIO low_index_bits=0x0002 keys=0x00020 read_error_bits=0x0000
59.860 input GPIO low_index_bits=0x0000 keys=0x00000 read_error_bits=0x0000
59.970 input GPIO low_index_bits=0x0002 keys=0x00020 read_error_bits=0x0000
60.070 input GPIO low_index_bits=0x0000 keys=0x00000 read_error_bits=0x0000
60.170 input GPIO low_index_bits=0x0010 keys=0x00100 read_error_bits=0x0000
60.172 input baseline held_mask=0x00000100
60.224 input GPIO low_index_bits=0x0010 keys=0x00100 read_error_bits=0x0000
60.234 input baseline held_mask=0x00000100
60.310 input GPIO low_index_bits=0x0000 keys=0x00000 read_error_bits=0x0000
60.660 input GPIO low_index_bits=0x0010 keys=0x00100 read_error_bits=0x0000
60.662 input baseline held_mask=0x00000100
61.069 library scan enter
61.071 library scan complete games=3
61.074 first library submit
61.079 first library wait for display
61.089 first library display complete; input baseline enter
61.091 input GPIO low_index_bits=0x0000 keys=0x00000 read_error_bits=0x0000
61.092 input baseline held_mask=0x00000000
61.093 READY: first library frame completed; controls initialized
67.390 main exit requested rc=-1 quitting=1
67.392 board close enter
67.394 display worker join enter busy=0
67.396 display worker joined
67.397 FreeVFB enter
67.417 FreeVFB returned
67.419 board close complete
